{
  "id": null,
  "type": "GARAGE",
  "externalId": null,
  "data": {
    "name": null,
    "size": null,
    "attic": false,
    "floor": null,
    "rooms": null,
    "garden": false,
    "ground": null,
    "heater": null,
    "address": null,
    "contact": null,
    "seniors": false,
    "bailment": null,
    "elevator": false,
    "flatType": null,
    "landArea": null,
    "basePrice": null,
    "bathRooms": null,
    "documents": [],
    "fireplace": false,
    "flatShare": false,
    "gardenUse": false,
    "houseType": null,
    "storeRoom": false,
    "externalId": null,
    "garageData": {
      "width": null,
      "height": null,
      "length": null,
      "freeUntil": null,
      "garageType": "DUPLEX"
    },
    "gardenArea": null,
    "objectType": "GARAGE",
    "tvSatCable": false,
    "attachments": [],
    "barrierFree": false,
    "bicycleRoom": false,
    "heatingCost": null,
    "kitchenette": false,
    "referenceId": null,
    "showAddress": false,
    "showContact": false,
    "washDryRoom": false,
    "basementSize": null,
    "availableFrom": null,
    "guestToilette": false,
    "parkingSpaces": null,
    "serviceCharge": null,
    "commercialData": null,
    "furnishingType": null,
    "numberOfFloors": null,
    "previousTenant": null,
    "totalRentGross": null,
    "temporaryLiving": null,
    "constructionYear": null,
    "historicBuilding": false,
    "numberOfBedrooms": null,
    "numberOfTerraces": null,
    "basementAvailable": null,
    "bathroomEquipment": null,
    "buildingCondition": null,
    "energyCertificate": null,
    "lastRefurbishment": null,
    "numberOfBalconies": null,
    "objectDescription": null,
    "totalParkingPrice": null,
    "balconyTerraceArea": null,
    "objectLocationText": null,
    "heatingCostIncluded": false,
    "furnishingDescription": null,
    "objectMiscellaneousText": null,
    "parkingPriceIncludedToAdditionalCosts": false
  }
}