{
  "id": null,
  "type": "FLAT",
  "externalId": "MO 1600/10401/10",
  "data": {
    "name": "Wohnung   02  Rechts test",
    "size": 59.57,
    "attic": false,
    "floor": 4,
    "rooms": 3,
    "garden": false,
    "ground": "ESTRICH",
    "heater": "GROUND_FLOOR",
    "address": {
      "city": "Frankfurt am Main",
      "region": "Hessen",
      "street": "Schloßstraße",
      "country": "DE",
      "zipCode": "60486",
      "district" : null,
      "additional": null,
      "coordinates": {
        "longitude" : 0,
        "latitude" : 0
      },
      "houseNumber": "30"
    },
    "contact": null,
    "seniors": false,
    "bailment": 3703703.67,
    "elevator": true,
    "flatType": null,
    "landArea": null,
    "basePrice": 1234567.89,
    "bathRooms": null,
    "documents": [],
    "fireplace": false,
    "flatShare": false,
    "gardenUse": false,
    "houseType": null,
    "storeRoom": true,
    "externalId": null,
    "garageData": null,
    "gardenArea": 0,
    "objectType": "FLAT",
    "tvSatCable": true,
    "attachments": [],
    "barrierFree": false,
    "bicycleRoom": false,
    "heatingCost": null,
    "kitchenette": true,
    "referenceId": "IM00100011760",
    "showAddress": true,
    "showContact": false,
    "washDryRoom": false,
    "basementSize": null,
    "availableFrom": "01.08.2020",
    "guestToilette": true,
    "shutter" : true,
    "intercomType" : null,
    "parkingSpaces": null,
    "serviceCharge": 1337.0,
    "commercialData": null,
    "furnishingType": null,
    "numberOfFloors": null,
    "previousTenant": null,
    "totalRentGross": null,
    "temporaryLiving": null,
    "constructionYear": "1953",
    "historicBuilding": true,
    "numberOfBedrooms": 0,
    "numberOfTerraces": 1,
    "basementAvailable": true,
    "bathroomEquipment": {
      "shower": true,
      "bathtub": true,
      "window": true,
      "bidet": null,
      "urinal": null
    },
    "buildingCondition": null,
    "energyCertificate": {
      "primaryEnergyProvider": "GAS",
      "energyCertificateType" : "USAGE_IDENTIFICATION",
      "yearOfConstruction" : 1953,
      "creationDate" : "MAY_2014",
      "demandCertificate" : null,
      "usageCertificate" :{
        "energyConsumptionParameter" : "190.0",
        "energyConsumption" : "190.0",
        "energyEfficiencyClass" : "F",
        "includesHeatConsumption" : "false"
      },
      "primaryEnergyConsumption" : null
    },
    "lastRefurbishment": null,
    "numberOfBalconies": 0,
    "objectDescription": "",
    "totalParkingPrice": null,
    "balconyTerraceArea": 0,
    "objectLocationText": "Bockenheim",
    "heatingCostIncluded": true,
    "furnishingDescription": "",
    "objectMiscellaneousText": "",
    "parkingPriceIncludedToAdditionalCosts": false
  }
}