{
  "externalId": "1",
  "title": "Freies Büro in Hamburg in der Elmenhorststraße 1, 22767 Hamburg, DE",
  "creationDate": null,
  "lastModificationDate": null,
  "address": {
    "street": "Elmenhorststraße",
    "houseNumber": "1",
    "postcode": "22767",
    "city": "Hamburg",
    "internationalCountryRegion": {
      "country": "DEU",
      "region": "Hamburg"
    },
    "quarter": null,
    "wgs84Coordinate": null,
    "preciseHouseNumber": null,
    "geoHierarchy": null,
    "description": null
  },
  "apiSearchData": null,
  "realEstateState": "ACTIVE",
  "id": null,
  "groupNumber": null,
  "descriptionNote": "Test Objektbeschreibung",
  "furnishingNote": "Test Ausstatt",
  "locationNote": "Test Lage",
  "otherNote": "Test sonstige Angaben",
  "attachments": null,
  "referencePriceServiceCall": null,
  "referencePriceApiCall": null,
  "realEstateProjectId": null,
  "showAddress": true,
  "contact": null,
  "publishChannels": null,
  "apartmentType": "LOFT",
  "floor": 3,
  "lift": true,
  "assistedLiving": null,
  "energyCertificate": null,
  "cellar": "YES",
  "handicappedAccessible": null,
  "numberOfParkingSpaces": 8,
  "condition": "MINT_CONDITION",
  "lastRefurbishment": null,
  "interiorQuality": null,
  "constructionYear": 2000,
  "constructionYearUnknown": null,
  "freeFrom": "2020-06-16T00:00:00Z",
  "heatingType": null,
  "heatingTypeEnev2014": "CENTRAL_HEATING",
  "firingTypes": null,
  "energySourcesEnev2014": null,
  "buildingEnergyRatingType": null,
  "thermalCharacteristic": null,
  "energyConsumptionContainsWarmWater": null,
  "numberOfFloors": null,
  "usableFloorSpace": null,
  "numberOfBedRooms": null,
  "numberOfBathRooms": 2,
  "guestToilet": "YES",
  "parkingSpaceType": "GARAGE",
  "baseRent": 1000.0,
  "totalRent": 1600.0,
  "serviceCharge": 100.0,
  "deposit": "2.000,00 €",
  "heatingCosts": 100.0,
  "heatingCostsInServiceCharge": "NO",
  "petsAllowed": null,
  "parkingSpacePrice": 400.0,
  "useAsFlatshareRoom": null,
  "price": null,
  "livingSpace": 50.0,
  "numberOfRooms": 10.0,
  "energyPerformanceCertificate": false,
  "builtInKitchen": true,
  "balcony": true,
  "certificateOfEligibilityNeeded": true,
  "garden": true,
  "courtage": {
    "hasCourtage": "NO",
    "courtage": null,
    "courtageNote": null
  }
}