{
  "externalId": "1",
  "title": "WGH-Herrenhausen eG",
  "creationDate": null,
  "lastModificationDate": null,
  "address": {
    "street": "Baumgartenstr.",
    "houseNumber": "22",
    "postcode": "30419",
    "city": "Hannover-Stöcken",
    "internationalCountryRegion": {
      "country": "DEU",
      "region": "Niedersachsen"
    },
    "quarter": null,
    "wgs84Coordinate": null,
    "preciseHouseNumber": null,
    "geoHierarchy": null,
    "description": null
  },
  "apiSearchData": null,
  "realEstateState": "ACTIVE",
  "id": null,
  "groupNumber": null,
  "descriptionNote": "Wohnen bei der WGH-Herrenhausen eG im ruhigen Stadtteil von Stöcken. Der Stöckener Markt (Wochenmarkt freitags von 08:00-13:00 Uhr) ist in wenigen Minuten zu erreichen. Weitere Einkaufsmöglichkeiten, Ärzte und das VW-Werk befinden sich in unmittelbarer Nähe. Der Stöckener Wald lädt zu erholsamen Spaziergängen ein.\nDie Bahnhaltestelle ist fußläufig erreichbar und mit geringer Fahrzeit wird mit den Linien 4 und 5 die City von Hannover erreicht. Weitere Verkehrsanbindungen bieten die B6 und die Autobahn in unmittelbarer Nähe.\n\nDie modernisierte 3 Zimmerwohnung liegt im I. Obergeschoss eines Mehrfamilienhauses. Das Badezimmer ist mit einer Einbauwanne ausgestattet und verfügt über ein Fenster. Die Fassadendämmung und der Balkonanbau erfolgten im letzten Jahr!\nFür die Aufnahme in die Genossenschaft ist mit dem Beitritt eine Servicepauschale von 85,--  im Zusammenhang mit der Mitgliedsaufnahme zu entrichten.",
  "furnishingNote": null,
  "locationNote": "links",
  "otherNote": null,
  "attachments": null,
  "referencePriceServiceCall": null,
  "referencePriceApiCall": null,
  "realEstateProjectId": null,
  "showAddress": true,
  "contact": null,
  "publishChannels": null,
  "apartmentType": "APARTMENT",
  "floor": 1,
  "lift": false,
  "assistedLiving": null,
  "energyCertificate": {
    "energyCertificateAvailability": "AVAILABLE",
    "energyCertificateCreationDate": "FROM_01_MAY_2014",
    "energyEfficiencyClass": "C",
    "electricityConsumption": null,
    "heatingConsumption": null,
    "energyConsumptionElectricity": null,
    "energyConsumptionHeating": null,
    "thermalCharacteristicElectricity": null,
    "thermalCharacteristicHeating": null
  },
  "cellar": "NOT_APPLICABLE",
  "handicappedAccessible": null,
  "numberOfParkingSpaces": null,
  "condition": "NO_INFORMATION",
  "lastRefurbishment": null,
  "interiorQuality": null,
  "constructionYear": 1952,
  "constructionYearUnknown": null,
  "freeFrom": "01.09.2020",
  "heatingType": null,
  "heatingTypeEnev2014": "CENTRAL_HEATING",
  "firingTypes": null,
  "energySourcesEnev2014": {
    "energySourceEnev2014": [
      "GAS"
    ]
  },
  "buildingEnergyRatingType": "ENERGY_REQUIRED",
  "thermalCharacteristic": 97.1,
  "energyConsumptionContainsWarmWater": null,
  "numberOfFloors": null,
  "usableFloorSpace": null,
  "numberOfBedRooms": null,
  "numberOfBathRooms": null,
  "guestToilet": "NOT_APPLICABLE",
  "parkingSpaceType": null,
  "baseRent": 438.0,
  "totalRent": 616.0,
  "serviceCharge": 118.0,
  "deposit": "1.375,00 €",
  "heatingCosts": 60.0,
  "heatingCostsInServiceCharge": "NO",
  "petsAllowed": null,
  "parkingSpacePrice": null,
  "useAsFlatshareRoom": null,
  "price": null,
  "livingSpace": 64.82,
  "numberOfRooms": 3.0,
  "energyPerformanceCertificate": true,
  "builtInKitchen": false,
  "balcony": true,
  "certificateOfEligibilityNeeded": true,
  "garden": false,
  "courtage": {
    "hasCourtage": "NO",
    "courtage": null,
    "courtageNote": null
  }
}