{
  "externalId": "1",
  "title": "3 Zimmer in Sonsbeck",
  "creationDate": null,
  "lastModificationDate": null,
  "address": {
    "street": "Haubachstraße",
    "houseNumber": "44",
    "postcode": "47665",
    "city": "Sonsbeck",
    "internationalCountryRegion": {
      "country": "DEU",
      "region": "Nordrhein-Westfalen"
    },
    "quarter": null,
    "wgs84Coordinate": null,
    "preciseHouseNumber": null,
    "geoHierarchy": null,
    "description": null
  },
  "apiSearchData": null,
  "realEstateState": "ACTIVE",
  "id": null,
  "groupNumber": null,
  "descriptionNote": "liegt",
  "furnishingNote": "liegt",
  "locationNote": "Liegt auf dem Boden",
  "otherNote": "test",
  "attachments": null,
  "referencePriceServiceCall": null,
  "referencePriceApiCall": null,
  "realEstateProjectId": null,
  "showAddress": true,
  "contact": null,
  "publishChannels": null,
  "apartmentType": "LOFT",
  "floor": 1,
  "lift": false,
  "assistedLiving": null,
  "energyCertificate": {
    "energyCertificateAvailability": "AVAILABLE",
    "energyCertificateCreationDate": "FROM_01_MAY_2014",
    "energyEfficiencyClass": "A+",
    "electricityConsumption": null,
    "heatingConsumption": null,
    "energyConsumptionElectricity": null,
    "energyConsumptionHeating": null,
    "thermalCharacteristicElectricity": null,
    "thermalCharacteristicHeating": null
  },
  "cellar": "YES",
  "handicappedAccessible": null,
  "numberOfParkingSpaces": 1,
  "condition": "FIRST_TIME_USE",
  "lastRefurbishment": null,
  "interiorQuality": null,
  "constructionYear": 2020,
  "constructionYearUnknown": null,
  "freeFrom": "morgen",
  "heatingType": null,
  "heatingTypeEnev2014": "STOVE_HEATING",
  "firingTypes": null,
  "energySourcesEnev2014": {
    "energySourceEnev2014": [
      "SOLAR_HEATING"
    ]
  },
  "buildingEnergyRatingType": "ENERGY_CONSUMPTION",
  "thermalCharacteristic": 100.0,
  "energyConsumptionContainsWarmWater": null,
  "numberOfFloors": null,
  "usableFloorSpace": null,
  "numberOfBedRooms": null,
  "numberOfBathRooms": 2,
  "guestToilet": "NOT_APPLICABLE",
  "parkingSpaceType": "UNDERGROUND_GARAGE",
  "baseRent": 400.0,
  "totalRent": 440.0,
  "serviceCharge": 20.0,
  "deposit": "100,00 €",
  "heatingCosts": 0.0,
  "heatingCostsInServiceCharge": "YES",
  "petsAllowed": null,
  "parkingSpacePrice": 20.0,
  "useAsFlatshareRoom": null,
  "price": null,
  "livingSpace": 55.0,
  "numberOfRooms": 3.0,
  "energyPerformanceCertificate": true,
  "builtInKitchen": false,
  "balcony": true,
  "certificateOfEligibilityNeeded": true,
  "garden": true,
  "courtage": {
    "hasCourtage": "NO",
    "courtage": null,
    "courtageNote": null
  }
}