{
  "externalId": "1",
  "title": "Freies Büro in Hamburg in der Elmenhorststraße 1, 22767 Hamburg, DE",
  "creationDate": null,
  "lastModificationDate": null,
  "address": {
    "street": "Elmenhorststraße",
    "houseNumber": "1",
    "postcode": "22767",
    "city": "Hamburg",
    "internationalCountryRegion": {
      "country": "DEU",
      "region": "Hamburg"
    },
    "quarter": null,
    "wgs84Coordinate": null,
    "preciseHouseNumber": null,
    "geoHierarchy": null,
    "description": null
  },
  "apiSearchData": null,
  "realEstateState": "ACTIVE",
  "id": null,
  "groupNumber": null,
  "descriptionNote": "Test Objektbeschreibung",
  "furnishingNote": "Test Ausstatt",
  "locationNote": "Test Lage",
  "otherNote": "Test sonstige Angaben",
  "attachments": null,
  "referencePriceServiceCall": null,
  "referencePriceApiCall": null,
  "realEstateProjectId": null,
  "showAddress": true,
  "contact": null,
  "publishChannels": null,
  "officeType": "OFFICE",
  "lift": "YES",
  "cellar": "YES",
  "handicappedAccessible": "YES",
  "flooringType": "LAMINATE",
  "deposit": "2.000,00 €",
  "hasCanteen": "YES",
  "lanCables": "YES",
  "highVoltage": "YES",
  "kitchenComplete": "YES",
  "listed": "NOT_APPLICABLE",
  "airConditioning": "YES",
  "officeRentDurations": null,
  "energyCertificate": null,
  "distanceToMRS": 10,
  "distanceToFM": 10,
  "distanceToPT": 10,
  "distanceToAirport": 10,
  "condition": "MINT_CONDITION",
  "numberOfParkingSpaces": 8,
  "parkingSpacePrice": 50.0,
  "lastRefurbishment": null,
  "interiorQuality": null,
  "constructionYear": 2000,
  "constructionYearUnknown": null,
  "freeFrom": "2020-06-16T00:00:00Z",
  "heatingType": null,
  "heatingTypeEnev2014": "NO_INFORMATION",
  "firingTypes": null,
  "energySourcesEnev2014": null,
  "thermalCharacteristic": null,
  "energyConsumptionContainsWarmWater": null,
  "buildingEnergyRatingType": null,
  "additionalArea": null,
  "numberOfFloors": "3",
  "additionalCosts": {
    "value": 100.0,
    "currency": "EUR",
    "marketingType": "RENT",
    "priceIntervalType": null
  },
  "commercializationType": "RENT",
  "price": {
    "value": 1000.0,
    "currency": "EUR",
    "marketingType": "RENT",
    "priceIntervalType": null
  },
  "calculatedPrice": {
    "value": 1500.0,
    "currency": "EUR",
    "marketingType": "RENT",
    "priceIntervalType": null
  },
  "totalFloorSpace": null,
  "netFloorSpace": 50.0,
  "minDivisible": null,
  "courtage": {
    "hasCourtage": "NO",
    "courtage": null,
    "courtageNote": null
  }
}